// Jest Snapshot v1, https://goo.gl/fbAQLP

exports[`<App /> renders correctly 1`] = `
<App>
  <div
    className="main-app-container"
  >
    <div
      className="button-div mr-1 col-md-1 col-sm-1"
    >
      Button1
    </div>
    <div
      className="button-div mr-1 col-md-1 col-sm-1"
    >
      Button2
    </div>
    <div
      className="button-div mr-1 col-md-1 col-sm-1"
    >
      Button3
    </div>
    <div
      className="button-div mr-1 col-md-1 col-sm-1"
    >
      Button4
    </div>
    <div
      className="button-div mr-1 col-md-1 col-sm-1"
    >
      Button5
    </div>
    <div
      className="button-div mr-1 col-md-1 col-sm-1"
    >
      Button6
    </div>
    <div
      className="button-div mr-1 col-md-1 col-sm-1"
    >
      Button7
    </div>
    <div
      className="button-div mr-1 col-md-1 col-sm-1"
    >
      Button8
    </div>
    <div
      className="button-div mr-1 col-md-1 col-sm-1"
    >
      Button9
    </div>
    <div
      className="button-div mr-1 col-md-1 col-sm-1"
    >
      Button10
    </div>
    <div
      className="button-div mr-1 col-md-1 col-sm-1"
    >
      Button11
    </div>
    <div
      className="button-div mr-1 col-md-1 col-sm-1"
    >
      Button12
    </div>
    <div
      className="button-div mr-1 col-md-1 col-sm-1"
    >
      Button13
    </div>
    <div
      className="button-div mr-1 col-md-1 col-sm-1"
    >
      Button14
    </div>
    <div
      className="button-div mr-1 col-md-1 col-sm-1"
    >
      Button15
    </div>
    <div
      className="button-div mr-1 col-md-1 col-sm-1"
    >
      Button16
    </div>
    <div
      className="button-div mr-1 col-md-1 col-sm-1"
    >
      Button17
    </div>
    <div
      className="button-div mr-1 col-md-1 col-sm-1"
    >
      Button18
    </div>
    <div
      className="button-div mr-1 col-md-1 col-sm-1"
    >
      Button19
    </div>
    <div
      className="button-div mr-1 col-md-1 col-sm-1"
    >
      Button20
    </div>
    <div
      className="button-div mr-1 col-md-1 col-sm-1"
    >
      Button21
    </div>
    <div
      className="button-div mr-1 col-md-1 col-sm-1"
    >
      Button22
    </div>
    <div
      className="button-div mr-1 col-md-1 col-sm-1"
    >
      Button23
    </div>
    <div
      className="button-div mr-1 col-md-1 col-sm-1"
    >
      Button24
    </div>
    <div
      className="button-div mr-1 col-md-1 col-sm-1"
    >
      Button25
    </div>
    <div
      className="button-div mr-1 col-md-1 col-sm-1"
    >
      Button26
    </div>
    <div
      className="button-div mr-1 col-md-1 col-sm-1"
    >
      Button27
    </div>
    <div
      className="button-div mr-1 col-md-1 col-sm-1"
    >
      Button28
    </div>
    <div
      className="button-div mr-1 col-md-1 col-sm-1"
    >
      Button29
    </div>
  </div>
</App>
`;
